@aplusk O
http://www.youtube.com/watch?v=eLMui7zBiXo B-NP
we B-NP
beat B-VP
kilkenny I-VP
after B-SBAR
they B-NP
beat B-VP
us B-NP
for B-PP
the B-NP
last B-ADVP
4 B-PP
years B-NP
in B-PP
the B-NP
hurling I-NP
. O
Woo B-NP
!!! O

I B-NP
'm B-VP
donning I-VP
my B-NP
Santa I-NP
hat I-NP
!: I-NP
It B-NP
's B-VP
November B-NP
and O
almost B-NP
Thanksgiving I-NP
... O
so O
you B-NP
know B-VP
what B-NP
that B-NP
means B-VP
, O
right B-ADVP
? O
Mum B-NP
and O
I B-NP
... O
http://bit.ly/9uTYHJ B-NP

@sweet_clockwork O
lmao B-INTJ
! O
okay B-INTJ
then O
:o B-INTJ
) O
im B-NP
baking B-VP
it B-NP
tonight B-NP
, O
so B-NP
'll B-VP
hit I-VP
you B-NP
up B-PP
tomorrow B-NP
and O
see B-ADVP
about I-ADVP
getting B-VP
you B-NP
some B-NP
yummies I-NP
!! O
&lt; B-INTJ
3 I-INTJ

( O
Community B-NP
) O
New B-NP
book I-NP
blogger I-NP
@GennaSarnak I-NP
launches B-VP
weekly I-VP
feature B-NP
, O
Poetry B-NP
Sunday B-NP
: O
http://tinyurl.com/47vbdy5 B-NP
#Books B-VP
#Poetry B-PRT

Haha O
I B-NP
seen B-VP
a B-NP
ped B-VP
egg B-NP
called B-VP
a B-NP
foot I-NP
cheese I-NP
grater I-NP
today B-NP
. O
I B-NP
found B-VP
it B-NP
proper I-NP
hilarious I-NP
xD B-INTJ

@Zerinaakers B-VP
talking I-VP
about B-ADVP
as B-ADVP
far I-ADVP
as B-SBAR
shooting B-NP
for B-PP
location B-NP
its B-NP
going B-VP
to I-VP
be I-VP
on B-PP
#Vh1 B-NP
so B-ADJP
by B-PP
the B-NP
end I-NP
of B-PP
the B-NP
month I-NP
i B-NP
should B-VP
know I-VP
something B-NP

I B-NP
've B-VP
just B-ADVP
watched B-VP
first B-NP
four I-NP
episodes I-NP
of B-PP
K-On B-NP
for B-PP
the B-NP
first I-NP
time I-NP
! O
: B-INTJ
3 I-INTJ

its B-NP
barely B-VP
a B-NP
new I-NP
year I-NP
and O
i B-NP
feel B-VP
like B-PP
ive B-NP
already B-ADVP
stuffed B-NP
things I-NP
up B-PP
! O
:( B-INTJ

@michaelringer24 O
yeah B-INTJ
when B-ADVP
i B-NP
got B-VP
caught I-VP
up B-PRT
a B-NP
year I-NP
ago B-ADVP
... O
you B-NP
can O
prolly B-NP
stay B-VP
with B-PP
us B-NP
.. O
im B-NP
stayin B-VP
with B-PP
lexis B-NP
on B-PP
the B-NP
pull B-VP
out B-PRT
, O
you B-NP
cn B-VP
prolly B-PRT

@elbirth O
haha B-INTJ
, O
I B-NP
want B-VP
to B-PP
load I-PP
up B-PRT
on B-PP
that B-NP
before B-PP
work B-NP
one I-NP
day I-NP

Foto O
Feb B-NP
6 B-NP
: O
St B-NP
Luke I-NP
's B-VP
http://wp.me/pqLtw-lN B-PRT

going B-VP
now B-ADVP
guiseeeee I-ADVP
... O
if B-SBAR
i B-NP
dont B-VP
see I-VP
you B-NP
through B-PP
the B-NP
week I-NP
ill B-VP
see I-VP
you B-NP
through B-PP
the B-NP
window I-NP
:) B-INTJ
:) I-INTJ

Dierks O
Bentley B-NP
Admits B-VP
He B-NP
Snuck I-NP
Into B-PP
Grand B-NP
Ole I-NP
Opry I-NP
Before B-PP
He B-NP
Made B-VP
It B-NP
Big I-NP
: O
Just B-NP
days I-NP
after B-PP
join B-NP
... O
http://bit.ly/9LJLHE B-NP

RT O
@PLLGirls B-NP
: O
Episodes B-NP
1-10 I-NP
of B-PP
Pretty B-NP
Little I-NP
Liars I-NP
will B-VP
air I-NP
in B-PP
the B-NP
UK I-NP
on B-PP
October B-NP
18 B-NP
! O

@SnoopDogg O
hey B-INTJ
snoop O
my B-NP
wife I-NP
Cath I-NP
is B-VP
30 I-VP
today B-NP
, O
any O
chance B-NP
of B-PP
a B-NP
shout B-VP
out B-PRT
to B-PP
her B-NP
, O

St B-NP
Louis B-VP
: O
APR B-NP
Chocolate I-NP
Toy I-NP
Poodle I-NP
Pups B-INTJ
- I-INTJ
$300 I-INTJ
( I-INTJ
Liberty I-INTJ
) I-INTJ
http://bit.ly/bHftHD I-INTJ
#eBC I-INTJ
#Pets I-INTJ

... O
asked B-VP
me B-NP
a B-NP
question I-NP
for B-PP
once B-NP
, O
but O
no B-INTJ
! O
You B-NP
ask B-VP
me B-NP
about B-ADVP
fucking B-ADVP
donuts O
you B-NP
donut I-NP
... O
have B-VP
a B-NP
nice B-NP
day I-NP
:P B-INTJ

@DIYSara O
maybe B-ADVP
your B-NP
leftovers I-NP
:) B-INTJ
we B-NP
were B-VP
covered I-VP
in B-PP
ice B-NP
all B-NP
day I-NP
Friday I-NP
, O
no B-NP
power I-NP
most I-NP
of B-PP
the B-NP
day I-NP
and O
all B-NP
gone B-VP
by B-PP
Sat B-NP
. O
evening I-INTJ

@_mistercory B-NP
*Smiles B-VP
up B-PRT
at B-PP
him* B-NP
Can O
we B-NP
just B-ADVP
... O
sit B-NP
together B-ADVP
for B-PP
a B-NP
while I-NP
before B-PP
round B-NP
two I-NP
? O

@RheaFayeB O
yaaaayyy B-NP
!!!!! O
Same B-NP
to B-PP
you B-NP
rhea B-VP
!!!!! O
This B-NP
year I-NP
reeks I-NP
epic-ism I-NP
all B-NP
over B-PP
!!! O
Be B-VP
sure B-ADJP
to B-PP
ride B-NP
that B-SBAR
epic B-NP
wave I-NP
;) B-INTJ

RT O
@bieberarmy B-INTJ
: I-INTJ
@LilTwist O
Yeah B-VP
if B-SBAR
I B-NP
were B-VP
you B-NP
I'd B-VP
sleep I-VP
with B-PP
one B-NP
eye I-NP
open I-NP
... O
considering B-NP
@justinbieber O
slapped B-NP
@itsryanbutler I-NP
when B-ADVP
he B-NP
was B-VP
... O

Personal O
Twitter B-NP
is B-VP
now B-ADVP
ago I-ADVP
. O
People B-NP
can B-VP
now B-ADVP
keep B-NP
track I-NP
of B-PP
me B-NP
instead B-VP
of B-PP
just B-ADVP
my B-NP
films I-NP
and I-NP
production I-NP
company I-NP
. O

This B-NP
is B-VP
the B-NP
2nd I-NP
hospital I-NP
ive B-NP
been B-VP
in B-PP
today B-NP
, O
but O
ive B-NP
just B-ADVP
seen O
a B-NP
doctor I-NP
who B-NP
was B-VP
an B-NP
older I-NP
version I-NP
of B-PP
justin B-NP
:' B-INTJ
) I-INTJ

@FirstLadyEve B-VP
have I-VP
a B-NP
dating I-NP
show I-NP
with B-PP
@ogochocinco B-NP
evry I-NP
week I-NP
'll B-VP
compete I-VP
with B-PP
sum B-NP
hawt B-VP
dude B-NP
2 B-VP
keep I-VP
ur B-NP
intrest I-NP
like B-PP
@willdemps B-NP
my$ I-NP
on B-PP
will O

It B-NP
might B-VP
just I-VP
be I-VP
me B-NP
but O
when B-ADVP
males I-ADVP
text I-ADVP
" O
K B-NP
" O
or O
cross B-ADVP
there I-ADVP
legs I-ADVP
while I-ADVP
sitting I-ADVP
ai I-ADVP
n't O
cool B-ADJP
wit B-PP
me B-NP
. O

@GuardWifeL O
@TiffanyGreen48 B-NP
I B-NP
've B-VP
already B-ADVP
#ff'ed O
her B-NP
she B-NP
's B-VP
not O
worthy B-NP
of B-PP
two B-NP
in B-PP
one B-NP
day I-NP
! O
Lol B-INTJ

it B-NP
was B-VP
half B-NP
past I-NP
8 I-NP
when B-ADVP
the B-NP
drugs I-NP
began I-NP
to B-PP
take B-NP
hold B-VP
.... O

when B-ADVP
does B-VP
skins B-NP
start B-VP
? O

Antick B-NP
Musings I-NP
post I-NP
: O
Reviewing B-NP
the B-NP
Mail I-NP
: O
Week B-NP
of B-PP
10/2 B-NP
http://bit.ly/9PIm5E I-NP

The B-NP
Town I-NP
might B-VP
be I-VP
one B-NP
of B-PP
the B-NP
best I-NP
movies I-NP
I B-NP
have B-VP
seen I-VP
all B-NP
year I-NP
. O
So B-ADJP
, O
so B-ADJP
good I-ADJP
. O
And O
do B-VP
n't O
worry B-NP
Ben I-NP
, O
we B-NP
already B-ADVP
forgave O
you B-NP
for B-PP
Gigli B-NP
. O
Really B-ADVP
. O

@MakethisRalate B-ADJP
good I-ADJP
luck I-ADJP
at B-PP
Elliot B-NP
Miner I-NP
:D B-INTJ
yous B-NP
were B-VP
greaaaat I-VP
tonight B-NP
&lt; B-INTJ
3 I-INTJ
xx I-INTJ

Is O
Joaquin B-NP
Phoenix B-VP
Our B-NP
Modern I-NP
Day I-NP
Andy I-NP
Kaufman I-NP
?: O
... O
the B-NP
bizarre I-NP
events I-NP
leading B-VP
up B-PRT
to B-PP
this B-NP
moment I-NP
, O
the B-NP
movie I-NP
could B-VP
... O
http://bit.ly/aUZ2on B-NP

Time B-NP
Warner I-NP
Cable I-NP
Boycotting I-NP
Epix I-NP
Movie I-NP
Channel I-NP
Because B-SBAR
It B-NP
Did B-VP
A B-NP
Deal I-NP
With B-PP
Netflix B-NP
http://dlvr.it/5RgcL I-NP

And O
now B-ADVP
the B-NP
wait B-VP
til B-SBAR
the B-NP
games B-VP
get I-VP
started I-VP
for B-PP
the B-NP
day I-NP
. O

2 B-VP
Steps I-VP
Back B-ADVP
will B-VP
be I-VP
playing B-NP
at B-PP
Ugly B-NP
Mug B-VP
Live I-VP
on B-PP
08 B-NP
Jan I-NP
: O
http://schmap.it/ntidVT B-NP
( O
via B-PP
@THE_BertBerry B-NP
) O

Do B-VP
n't I-VP
miss I-VP
our B-NP
Half I-NP
Way I-NP
to B-PP
St B-NP
. O
Patty B-NP
's B-VP
Day I-NP
Party I-NP
Tonight B-NP
! O
We B-NP
're B-VP
having I-VP
crazy B-NP
drink I-NP
Specials B-NP
too B-ADJP
.. O
tex B-NP
980-333-3923 I-NP
to B-VP
get I-VP
on B-PP
the B-NP
guest I-NP
list I-NP
! O

RT O
@dropolo B-NP
Headed B-VP
to B-PP
da B-NP
gump B-VP
today B-NP
alabama I-NP
here B-ADVP
I B-NP
come B-VP
&lt; O
&lt; B-INTJ
come B-VP
to B-PP
shut O
it B-NP
down B-ADVP
broski I-ADVP
.. O
fuck B-VP
wit B-PP
me..Parlae B-NP
's B-VP
in B-PP
house B-NP
producer I-NP

RT O
@DIVINEDYNASTY B-INTJ
: I-INTJ
RT O
@PLAIN_JAMES B-INTJ
: I-INTJ
http://twitpic.com/3t0eng I-INTJ
- I-INTJ
#THEREDROOM I-INTJ
FRI I-INTJ
03.18 I-INTJ
. O
11 B-NP
CALI'S I-NP
BDAY I-NP
BASH I-NP
FOR B-PP
PISCES/ARIES B-NP
DAY I-NP
1 I-NP
( B-INTJ
cont I-INTJ
) I-INTJ
... I-INTJ

@Littlesapling O
You B-NP
said B-VP
that B-SBAR
last B-NP
week I-NP
Ash I-NP
. O
I B-NP
think B-VP
you B-NP
need B-VP
a B-NP
12 I-NP
step I-NP
program I-NP
. O

Korean O
War B-NP
spy I-NP
rivalries I-NP
persist I-NP
60 I-NP
years I-NP
later B-ADVP
: O
Far B-NP
be B-VP
it B-NP
that B-SBAR
the B-NP
week I-NP
should B-VP
pass I-NP
without B-PP
noting B-NP
that B-SBAR
it B-NP
was B-VP
60 B-NP
... O
http://bit.ly/cCjFBm B-NP

@paulskemp O
Sorry B-ADJP
to B-PP
hear B-NP
! O
:( B-INTJ
I B-NP
had B-VP
a B-NP
dog I-NP
for B-PP
14 B-NP
years I-NP
and O
it B-NP
was B-VP
really B-ADVP
tough B-NP
to B-VP
lose I-VP
him B-NP
. O
Tough B-NP
to B-VP
lose I-VP
my B-NP
second I-NP
one I-NP
too B-ADVP
. O

@SoccerByIves B-VP
Let I-VP
's B-NP
hope B-VP
the B-NP
Serie B-VP
A B-NP
continues I-NP
to B-VP
be I-VP
on B-PP
the B-NP
tv I-NP
schedule I-NP
next B-NP
week I-NP
. O
This B-NP
strike I-NP
has B-VP
fans I-NP
of B-PP
Calcio B-NP
worried I-NP
.... O

October B-NP
is B-VP
Breast I-NP
Cancer I-NP
Awareness I-NP
month I-NP
- O
a B-NP
portion I-NP
of B-PP
the B-NP
proceeds I-NP
from B-PP
purchase I-PP
of I-PP
this B-NP
beautiful I-NP
diamond I-NP
... O
http://fb.me/B680RuaH B-NP

RT O
@JordanCenter B-NP
: O
LIL B-NP
WAYNE I-NP
/ I-NP
NICKI I-NP
MINAJ B-INTJ
- I-INTJ
March I-INTJ
30 I-INTJ
- I-INTJ
SOLD I-INTJ
OUT.....'nuff B-NP
said B-VP
. O

RT O
@Yale B-INTJ
: I-INTJ
RT O
@YaleSOM B-INTJ
: I-INTJ
Will O
government B-NP
or O
markets B-NP
finance I-NP
sustainability I-NP
? O
A B-NP
free B-ADJP
webinar I-ADJP
on B-PP
Oct B-NP
. O
6 B-NP
. O
http://bit.ly/YaleSOMwebinar B-NP

I B-NP
have B-VP
eaten B-VP
a B-NP
large I-NP
quantity I-NP
of B-PP
oranges B-NP
this I-NP
week I-NP
... O

Today B-NP
's B-VP
cheer B-NP
went B-VP
from B-PP
awful B-NP
to B-VP
awesome B-ADJP
from B-PP
the B-NP
moment I-NP
I B-NP
realized B-VP
I B-NP
did B-VP
not I-VP
have I-VP
class B-NP
today B-NP
. O

@snufflesgirl25 O
@mo9x B-ADVP
Well I-ADVP
. O
just B-ADVP
beg I-ADVP
@100monkeysmusic I-ADVP
.. O
PLEASE B-VP
come B-VP
to B-PP
the B-NP
#SBLeurope B-ADVP
Next I-ADVP
year I-ADVP
!. O
We B-NP
need B-VP
you B-NP
there B-ADVP
! O
*puss B-NP
in B-PP
boots B-NP
eyes* I-NP

Pretty O
disappointed B-NP
in B-PP
the B-NP
brothers B-VP
tonight B-NP
... O
1 B-NP
. O
We B-NP
lost B-VP
jeopardy B-NP
and O
2 B-ADVP
. O
they B-NP
're B-VP
pissing I-VP
me B-NP
off B-ADJP
more I-ADJP
and I-ADJP
more I-ADJP
each B-NP
day I-NP
. O

:) B-INTJ
RT O
@ashtondoyle B-NP
: O
I B-NP
am O
a B-NP
total I-NP
dork I-NP
. O
But O
having B-VP
Flipboard I-VP
up B-PRT
on B-PP
my B-NP
desk B-VP
all B-NP
day I-NP
makes B-VP
me B-NP
happy I-NP
. O
http://plixi.com/p/57934009 B-NP

I B-NP
feel B-VP
like B-PP
a B-NP
trillion I-NP
bucks I-NP
! O
I B-NP
feel B-VP
like B-SBAR
breaking I-SBAR
a B-NP
record I-NP
tomorrow B-NP
... O
and O
i B-NP
will B-VP

THE B-NP
BONG I-NP
WENT B-VP
5-O I-VP
LAST B-NP
NIGHT I-NP
papers I-NP
not B-ADVP
included I-ADVP

when B-ADVP
i B-NP
compliment B-VP
her B-NP
she B-NP
wo B-VP
n't I-VP
believe I-VP
mee B-ADJP
&lt; B-INTJ
3 I-INTJ

Gates O
: O
The B-NP
Sun B-NP
Will B-VP
Rise B-NP
... O
This B-NP
reminds B-VP
me B-NP
a B-NP
lot I-NP
of B-PP
Envy B-NP
and O
CSTVT B-NP
but O
w/o B-NP
the B-NP
hardcore I-NP
elements I-NP
. O
Super B-ADJP
good I-ADJP
and O
free B-ADJP
: O
http://bit.ly/e8PhEI B-NP

@lesanto B-VP
have I-VP
a B-NP
look I-NP
at B-PP
http://facebook.com/media14 B-NP
, O
there B-NP
are B-VP
postings I-VP
from B-PP
TechCrunch B-NP
and O
Flowtown B-NP
that B-SBAR
may B-NP
help B-VP
#mobile B-PRT

@Loserface_Laura O
when B-ADVP
mike B-NP
lets B-VP
me B-NP
know B-VP
, O
I B-NP
will B-VP
let I-VP
you B-NP
know B-VP
. O
I B-NP
mean B-VP
everyone B-NP
might B-VP
just I-VP
switch I-VP
out B-PRT
a B-NP
lot I-NP
. O

AUTUMN B-NP
COMES B-VP
SATURDAY B-NP
&lt; B-INTJ
3 I-INTJ
!!! O

RT O
@kiera16_x B-NP
: O
#Twitition B-NP
HELP B-VP
us B-NP
meet B-VP
Justin B-NP
Bieber I-NP
on B-PP
November B-NP
6 I-NP
( B-INTJ
: I-INTJ
THANKYOU I-INTJ
http://twitition.com/oxm5g I-INTJ
@MariaMdn I-INTJ

.... O
today B-NP
is B-VP
better B-ADJP
than B-PP
yesterday B-NP
, O
but O
I B-NP
hope B-VP
tomorrow B-NP
is B-VP
better B-ADJP
than B-PP
today B-NP
, O
because B-SBAR
today B-NP
still B-ADVP
somewhat I-ADVP
- I-INTJ
SUCKS I-INTJ
. I-INTJ

Not O
feeling B-VP
up B-PRT
to B-PP
par O
today B-NP
. O
#stressing B-NP

@DottyDizzot O
oh B-INTJ
nice B-ADJP
, O
im B-NP
sdill I-NP
at B-PP
work B-NP
=( B-INTJ
but O
im B-NP
glad B-ADJP
it B-NP
's B-VP
Friday B-NP
today B-NP
=) I-NP

@BieberEgypt O
I B-NP
've B-VP
got I-VP
some B-NP
bad I-NP
news I-NP
, O
Yeah B-INTJ
I B-NP
cant I-NP
come B-VP
to B-PP
the B-NP
meeting B-VP
tomorrow B-NP
. O
: B-INTJ
S I-INTJ

@The_Messiah113 O
177 B-NP
people B-NP
! O
: O
0 B-NP
lol B-INTJ
a B-NP
week I-NP
or O
what B-NP
? O

@IzzieZac B-NP
Told B-VP
you B-NP
!! O
:o B-NP
)) I-NP
When B-ADVP
's B-VP
she B-NP
back B-ADVP
again B-ADVP
? O

I B-NP
have B-VP
a B-NP
test I-NP
tomorrow B-NP
, O
im B-NP
going B-VP
to I-VP
say I-VP
" O
the B-NP
shore I-NP
was B-VP
on B-PP
, O
and O
preparation B-NP
took B-VP
all B-NP
day I-NP
". I-NP

Volleyball B-NP
player I-NP
Stephanie I-NP
Rogers I-NP
and O
cross B-NP
country I-NP
runner I-NP
Matt I-NP
Brooker I-NP
named I-NP
Cedarville I-NP
SUBWAY I-NP
Athetes I-NP
of B-PP
the B-NP
Week I-NP
( O
9/26-10/2) B-NP
. O

@lauraluanabeth B-NP
'll B-VP
be I-VP
back B-ADVP
in B-PP
LA B-NP
tomorrow B-NP
night I-NP
! O
yaaaay B-NP
! O

the B-NP
tears B-VP
may B-NP
have B-VP
been I-VP
and I-VP
gone I-VP
, O
but O
the B-NP
feeling B-VP
still B-ADVP
stay B-VP
the B-NP
same B-NP
. O

@magicsteacher O
Anytime B-NP
penguin B-VP
, O
you B-NP
know B-VP
we B-NP
aquarians I-NP
are B-VP
the B-NP
best I-NP
read B-VP
http://www.astrology.com/aquarius-sun-sign-zodiac-signs/2-d-d-66917 B-PRT

RT O
@high_n_fly B-NP
: O
#FACT B-NP
when B-ADVP
you B-NP
are B-VP
comfortable I-VP
with B-PP
yourself B-NP
nothing B-VP
else B-SBAR
matters I-SBAR
nobody B-NP
can O
tell B-VP
you B-NP
about B-PP
yourself B-NP
#HnF I-NP

i B-NP
want B-VP
a B-NP
bath I-NP
but O
do B-VP
n't I-VP
have I-VP
a B-NP
bath I-NP
, O
shut B-NP
up B-PRT
, O
sam B-NP
's B-VP
coming I-VP
tomorrow B-NP
and O
steve B-NP
and O
tanya B-NP
will B-VP
be I-VP
round B-PP
at B-PP
10am B-NP
so B-VP
go I-VP
away B-PRT
you B-NP
mean B-VP
people B-NP

RT O
@TheOutlawz B-NP
: O
EVERYBODY B-NP
WHO B-NP
WANT B-VP
A B-NP
FOLLOW I-NP
FROM B-PP
ME B-NP
FOR B-PP
FOLLOW B-NP
FRIDAY B-VP
LET I-VP
ME B-NP
KNOW B-VP
!! O
WE B-NP
AINT B-VP
LIKE B-PP
THESE B-NP
HOLLYWOOD I-NP
AZZ I-NP
RAPPERS I-NP
WE B-NP
FOLLOW I-NP
BACK B-ADVP
! O

I B-NP
'm B-VP
stressed I-VP
at B-PP
9am B-NP
, O
shopping B-NP
on B-PP
my B-NP
lunch I-NP
break I-NP
..... O
i B-NP
ca B-VP
n't I-VP
deal I-VP
w/ B-PP
this B-NP
shit I-NP
today B-NP
. O
#retailtherapy B-NP

'll B-VP
be I-VP
wearing I-VP
my B-NP
Dr I-NP
. O
J B-NP
#6 I-NP
jersey I-NP
. O
Old B-NP
school I-NP
. O
RT O
@laurenreale B-NP
" O
hmmm B-NP
... O
im B-NP
gonna B-VP
wear I-VP
my B-NP
@Sixers B-VP
jersey I-VP
tonight B-NP
...... B-VP
http://tl.gd/72egjj B-PRT

belles O
mansion B-NP
4 I-NP
bday I-NP
dinner I-NP
. O
eventhough B-NP
its B-NP
a B-NP
day I-NP
early I-NP
. O
*N*I*K*K*I* B-NP

gonna B-VP
watch I-VP
500 B-NP
days I-NP
of B-PP
summer B-NP
, O
and O
call B-VP
it B-NP
a B-NP
night I-NP
:\ I-NP

DAVID O
MARIL B-INTJ
: I-INTJ
Cut O
some B-NP
TV I-NP
channels B-VP
and I-VP
let I-VP
me B-NP
buy B-VP
what B-NP
I B-NP
watch B-VP
: O
My B-NP
question I-NP
is B-VP
why B-ADVP
, O
when B-ADVP
we B-NP
purchase I-NP
cable I-NP
and O
sa B-NP
... O
http://bit.ly/fW3ByU B-NP

RT O
@Kandi B-NP
: O
the B-NP
cast I-NP
of B-PP
Glee B-NP
doing B-VP
" O
Bills B-NP
, O
Bills B-NP
, O
Bills B-NP
" O
last B-NP
night I-NP
. O
heres B-NP
the B-NP
clip I-NP
http://www.youtube.com/watch?v=X_kWC4_aOdI__AND__feature=p I-NP
... O

