@aplusk O
http://www.youtube.com/watch?v=eLMui7zBiXo O
we B-NP
beat B-VP
kilkenny B-NP
after B-SBAR
they B-NP
beat B-VP
us B-NP
for B-PP
the B-NP
last I-NP
4 I-NP
years I-NP
in B-PP
the B-NP
hurling I-NP
. O
Woo B-INTJ
!!! O

I B-NP
'm B-VP
donning I-VP
my B-NP
Santa I-NP
hat I-NP
!: O
It B-NP
's B-VP
November B-NP
and O
almost B-NP
Thanksgiving I-NP
... O
so O
you B-NP
know B-VP
what B-NP
that B-NP
means B-VP
, O
right B-INTJ
? O
Mum B-NP
and I-NP
I I-NP
... O
http://bit.ly/9uTYHJ O

@sweet_clockwork O
lmao B-INTJ
! O
okay B-INTJ
then I-INTJ
:o I-INTJ
) O
im B-NP
baking B-VP
it B-NP
tonight B-NP
, O
so O
'll B-VP
hit I-VP
you B-NP
up B-PRT
tomorrow B-NP
and O
see B-VP
about B-PP
getting B-VP
you B-NP
some B-NP
yummies I-NP
!! O
&lt; B-INTJ
3 I-INTJ

( O
Community B-NP
) O
New B-NP
book I-NP
blogger I-NP
@GennaSarnak O
launches B-VP
weekly B-NP
feature I-NP
, O
Poetry B-NP
Sunday I-NP
: O
http://tinyurl.com/47vbdy5 O
#Books O
#Poetry O

Haha B-INTJ
I B-NP
seen B-VP
a B-NP
ped I-NP
egg I-NP
called B-VP
a B-NP
foot I-NP
cheese I-NP
grater I-NP
today B-NP
. O
I B-NP
found B-VP
it B-NP
proper B-NP
hilarious I-NP
xD B-INTJ

@Zerinaakers O
talking B-VP
about B-PP
as B-ADVP
far I-ADVP
as B-PP
shooting B-VP
for B-PP
location B-NP
its B-NP
going B-VP
to I-VP
be I-VP
on B-PP
#Vh1 O
so B-SBAR
by B-PP
the B-NP
end I-NP
of B-PP
the B-NP
month I-NP
i B-NP
should B-VP
know I-VP
something B-NP

I B-NP
've B-VP
just I-VP
watched I-VP
first B-NP
four I-NP
episodes I-NP
of B-PP
K-On B-NP
for B-PP
the B-NP
first I-NP
time I-NP
! O
: B-INTJ
3 I-INTJ

its B-NP
barely B-NP
a B-NP
new I-NP
year I-NP
and O
i B-NP
feel B-VP
like B-PP
ive B-NP
already B-ADVP
stuffed B-VP
things B-NP
up B-PRT
! O
:( B-INTJ

@michaelringer24 O
yeah B-INTJ
when B-ADVP
i B-NP
got B-VP
caught I-VP
up B-PRT
a B-NP
year I-NP
ago B-ADVP
... O
you B-NP
can B-VP
prolly I-VP
stay I-VP
with B-PP
us B-NP
.. O
im B-NP
stayin B-VP
with B-PP
lexis B-NP
on B-PP
the B-NP
pull I-NP
out I-NP
, O
you B-NP
cn B-VP
prolly B-ADVP

@elbirth O
haha B-INTJ
, O
I B-NP
want B-VP
to I-VP
load I-VP
up B-PRT
on B-PP
that B-NP
before B-PP
work B-NP
one B-NP
day I-NP

Foto B-NP
Feb B-NP
6 I-NP
: O
St B-NP
Luke I-NP
's B-NP
http://wp.me/pqLtw-lN O

going B-VP
now B-ADVP
guiseeeee B-NP
... O
if B-SBAR
i B-NP
dont B-VP
see I-VP
you B-NP
through B-PP
the B-NP
week I-NP
ill B-VP
see I-VP
you B-NP
through B-PP
the B-NP
window I-NP
:) B-INTJ
:) B-INTJ

Dierks B-NP
Bentley I-NP
Admits B-VP
He B-NP
Snuck B-VP
Into B-PP
Grand B-NP
Ole I-NP
Opry I-NP
Before B-SBAR
He B-NP
Made B-VP
It B-NP
Big B-ADJP
: O
Just B-ADVP
days B-NP
after B-PP
join B-VP
... O
http://bit.ly/9LJLHE O

RT O
@PLLGirls O
: O
Episodes B-NP
1-10 I-NP
of B-PP
Pretty B-NP
Little I-NP
Liars I-NP
will B-VP
air I-VP
in B-PP
the B-NP
UK I-NP
on B-PP
October B-NP
18 I-NP
! O

@SnoopDogg O
hey B-INTJ
snoop I-INTJ
my B-NP
wife I-NP
Cath I-NP
is B-VP
30 B-NP
today B-NP
, O
any B-NP
chance I-NP
of B-PP
a B-NP
shout I-NP
out B-PRT
to B-PP
her B-NP
, O

St B-NP
Louis I-NP
: O
APR B-NP
Chocolate I-NP
Toy I-NP
Poodle I-NP
Pups I-NP
- O
$300 B-NP
( O
Liberty B-NP
) O
http://bit.ly/bHftHD O
#eBC O
#Pets O

... O
asked B-VP
me B-NP
a B-NP
question I-NP
for B-PP
once B-NP
, O
but O
no B-INTJ
! O
You B-NP
ask B-VP
me B-NP
about B-PP
fucking B-NP
donuts I-NP
you B-VP
donut B-NP
... O
have B-VP
a B-NP
nice I-NP
day I-NP
:P B-INTJ

@DIYSara O
maybe B-ADVP
your B-NP
leftovers I-NP
:) B-INTJ
we B-NP
were B-VP
covered I-VP
in B-PP
ice B-NP
all B-NP
day I-NP
Friday I-NP
, O
no B-NP
power I-NP
most B-NP
of B-PP
the B-NP
day I-NP
and O
all O
gone B-VP
by B-PP
Sat B-NP
. I-NP
evening I-NP

@_mistercory O
*Smiles B-VP
up B-PRT
at B-PP
him* B-NP
Can O
we B-NP
just B-ADVP
... O
sit B-VP
together B-ADVP
for B-PP
a B-NP
while I-NP
before B-PP
round B-NP
two I-NP
? I-NP

@RheaFayeB O
yaaaayyy B-INTJ
!!!!! O
Same B-NP
to B-PP
you B-NP
rhea B-NP
!!!!! O
This B-NP
year I-NP
reeks B-VP
epic-ism B-NP
all B-ADVP
over I-ADVP
!!! O
Be B-VP
sure B-ADJP
to B-VP
ride I-VP
that B-NP
epic I-NP
wave I-NP
;) B-INTJ

RT O
@bieberarmy O
: O
@LilTwist O
Yeah B-INTJ
if B-SBAR
I B-NP
were B-VP
you B-NP
I'd B-NP
sleep B-VP
with B-PP
one B-NP
eye I-NP
open I-NP
... O
considering B-PP
@justinbieber O
slapped O
@itsryanbutler O
when B-ADVP
he B-NP
was B-VP
... O

Personal B-NP
Twitter I-NP
is B-VP
now B-ADVP
ago B-NP
. O
People B-NP
can B-VP
now I-VP
keep I-VP
track I-VP
of B-PP
me B-NP
instead B-PP
of I-PP
just B-NP
my I-NP
films I-NP
and I-NP
production I-NP
company I-NP
. O

This B-NP
is B-VP
the B-NP
2nd I-NP
hospital I-NP
ive B-NP
been B-VP
in B-PP
today B-NP
, O
but O
ive B-NP
just B-ADVP
seen B-VP
a B-NP
doctor I-NP
who B-NP
was B-VP
an B-NP
older I-NP
version I-NP
of B-PP
justin B-NP
:' B-INTJ
) I-INTJ

@FirstLadyEve O
have B-VP
a B-NP
dating I-NP
show I-NP
with B-PP
@ogochocinco O
evry B-NP
week I-NP
'll B-VP
compete I-VP
with B-PP
sum B-NP
hawt I-NP
dude I-NP
2 B-VP
keep I-VP
ur B-NP
intrest I-NP
like B-PP
@willdemps O
my$ B-NP
on B-PP
will B-NP

It B-NP
might B-VP
just I-VP
be I-VP
me B-NP
but O
when B-ADVP
males B-NP
text B-VP
" O
K B-NP
" O
or O
cross B-VP
there B-NP
legs I-NP
while B-SBAR
sitting B-VP
ai B-VP
n't O
cool B-ADJP
wit B-PP
me B-NP
. O

@GuardWifeL O
@TiffanyGreen48 O
I B-NP
've B-VP
already B-ADVP
#ff'ed O
her B-NP
she B-NP
's B-VP
not B-ADJP
worthy I-ADJP
of B-PP
two B-NP
in B-PP
one B-NP
day I-NP
! O
Lol B-INTJ

it B-NP
was B-VP
half B-NP
past I-NP
8 I-NP
when B-ADVP
the B-NP
drugs I-NP
began B-VP
to I-VP
take I-VP
hold B-NP
.... O

when B-ADVP
does B-VP
skins B-NP
start B-VP
? O

Antick B-NP
Musings I-NP
post I-NP
: O
Reviewing B-VP
the B-NP
Mail I-NP
: O
Week B-NP
of B-PP
10/2 B-NP
http://bit.ly/9PIm5E O

The B-NP
Town I-NP
might B-VP
be I-VP
one B-NP
of B-PP
the B-NP
best I-NP
movies I-NP
I B-NP
have B-VP
seen I-VP
all B-NP
year I-NP
. O
So O
, O
so B-ADJP
good I-ADJP
. O
And O
do B-VP
n't I-VP
worry I-VP
Ben B-NP
, O
we B-NP
already B-ADVP
forgave B-VP
you B-NP
for B-PP
Gigli B-NP
. O
Really B-ADVP
. O

@MakethisRalate O
good B-NP
luck I-NP
at B-PP
Elliot B-NP
Miner I-NP
:D B-INTJ
yous B-NP
were B-VP
greaaaat B-ADJP
tonight B-NP
&lt; B-INTJ
3 I-INTJ
xx B-INTJ

Is O
Joaquin B-NP
Phoenix I-NP
Our B-NP
Modern I-NP
Day I-NP
Andy I-NP
Kaufman I-NP
?: O
... O
the B-NP
bizarre I-NP
events I-NP
leading B-VP
up B-PRT
to B-PP
this B-NP
moment I-NP
, O
the B-NP
movie I-NP
could B-VP
... O
http://bit.ly/aUZ2on O

Time B-NP
Warner I-NP
Cable I-NP
Boycotting B-VP
Epix B-NP
Movie I-NP
Channel I-NP
Because B-SBAR
It B-NP
Did B-VP
A B-NP
Deal I-NP
With B-PP
Netflix B-NP
http://dlvr.it/5RgcL O

And O
now B-ADVP
the B-NP
wait I-NP
til B-PP
the B-NP
games I-NP
get B-VP
started I-VP
for B-PP
the B-NP
day I-NP
. O

2 B-NP
Steps I-NP
Back B-ADVP
will B-VP
be I-VP
playing I-VP
at B-PP
Ugly B-NP
Mug I-NP
Live B-ADVP
on B-PP
08 B-NP
Jan I-NP
: O
http://schmap.it/ntidVT O
( O
via B-PP
@THE_BertBerry O
) O

Do B-VP
n't I-VP
miss I-VP
our B-NP
Half I-NP
Way I-NP
to B-PP
St B-NP
. I-NP
Patty I-NP
's I-NP
Day I-NP
Party I-NP
Tonight B-NP
! O
We B-NP
're B-VP
having I-VP
crazy B-NP
drink I-NP
Specials I-NP
too B-ADVP
.. O
tex B-VP
980-333-3923 B-NP
to B-VP
get I-VP
on B-PP
the B-NP
guest I-NP
list I-NP
! O

RT O
@dropolo O
Headed B-VP
to B-PP
da B-NP
gump I-NP
today B-NP
alabama B-NP
here B-ADVP
I B-NP
come B-VP
&lt; O
&lt; O
come B-VP
to I-VP
shut I-VP
it B-NP
down B-PRT
broski B-NP
.. O
fuck B-VP
wit B-PP
me..Parlae B-NP
's B-NP
in I-NP
house I-NP
producer I-NP

RT O
@DIVINEDYNASTY O
: O
RT O
@PLAIN_JAMES O
: O
http://twitpic.com/3t0eng O
- O
#THEREDROOM O
FRI B-NP
03.18 I-NP
. I-NP
11 I-NP
CALI'S B-NP
BDAY I-NP
BASH I-NP
FOR B-PP
PISCES/ARIES B-NP
DAY I-NP
1 I-NP
( O
cont O
) O
... O

@Littlesapling O
You B-NP
said B-VP
that B-NP
last B-NP
week I-NP
Ash B-NP
. O
I B-NP
think B-VP
you B-NP
need B-VP
a B-NP
12 I-NP
step I-NP
program I-NP
. O

Korean B-NP
War I-NP
spy I-NP
rivalries I-NP
persist B-VP
60 B-NP
years I-NP
later B-ADVP
: O
Far B-VP
be I-VP
it B-NP
that B-SBAR
the B-NP
week I-NP
should B-VP
pass I-VP
without B-PP
noting B-VP
that B-SBAR
it B-NP
was B-VP
60 B-NP
... O
http://bit.ly/cCjFBm O

@paulskemp O
Sorry B-ADJP
to B-VP
hear I-VP
! O
:( B-INTJ
I B-NP
had B-VP
a B-NP
dog I-NP
for B-PP
14 B-NP
years I-NP
and O
it B-NP
was B-VP
really B-ADJP
tough I-ADJP
to B-VP
lose I-VP
him B-NP
. O
Tough B-ADJP
to B-VP
lose I-VP
my B-NP
second I-NP
one I-NP
too B-ADVP
. O

@SoccerByIves O
Let B-VP
's B-NP
hope B-VP
the B-NP
Serie I-NP
A I-NP
continues B-VP
to I-VP
be I-VP
on B-PP
the B-NP
tv I-NP
schedule I-NP
next B-NP
week I-NP
. O
This B-NP
strike I-NP
has B-VP
fans B-NP
of B-PP
Calcio B-NP
worried B-VP
.... O

October B-NP
is B-VP
Breast B-NP
Cancer I-NP
Awareness I-NP
month I-NP
- O
a B-NP
portion I-NP
of B-PP
the B-NP
proceeds I-NP
from B-PP
purchase B-NP
of B-PP
this B-NP
beautiful I-NP
diamond I-NP
... O
http://fb.me/B680RuaH O

RT O
@JordanCenter O
: O
LIL B-NP
WAYNE I-NP
/ O
NICKI B-NP
MINAJ I-NP
- O
March B-NP
30 I-NP
- O
SOLD B-ADJP
OUT.....'nuff I-ADJP
said B-VP
. O

RT O
@Yale O
: O
RT O
@YaleSOM O
: O
Will O
government B-NP
or I-NP
markets I-NP
finance B-VP
sustainability B-NP
? O
A B-NP
free I-NP
webinar I-NP
on B-PP
Oct B-NP
. I-NP
6 I-NP
. O
http://bit.ly/YaleSOMwebinar O

I B-NP
have B-VP
eaten I-VP
a B-NP
large I-NP
quantity I-NP
of B-PP
oranges B-NP
this B-NP
week I-NP
... O

Today B-NP
's B-NP
cheer I-NP
went B-VP
from B-PP
awful B-ADJP
to B-PP
awesome B-ADJP
from B-PP
the B-NP
moment I-NP
I B-NP
realized B-VP
I B-NP
did B-VP
not I-VP
have I-VP
class B-NP
today B-NP
. O

@snufflesgirl25 O
@mo9x O
Well B-INTJ
. O
just B-ADVP
beg B-VP
@100monkeysmusic O
.. O
PLEASE B-VP
come I-VP
to B-PP
the B-NP
#SBLeurope O
Next B-NP
year I-NP
!. O
We B-NP
need B-VP
you B-NP
there B-ADVP
! O
*puss B-NP
in B-PP
boots B-NP
eyes* I-NP

Pretty B-ADVP
disappointed B-VP
in B-PP
the B-NP
brothers I-NP
tonight B-NP
... O
1 O
. O
We B-NP
lost B-VP
jeopardy B-NP
and O
2 O
. O
they B-NP
're B-VP
pissing I-VP
me B-NP
off B-PRT
more B-ADVP
and I-ADVP
more I-ADVP
each B-NP
day I-NP
. O

:) B-INTJ
RT O
@ashtondoyle O
: O
I B-NP
am B-VP
a B-NP
total I-NP
dork I-NP
. O
But O
having B-VP
Flipboard B-NP
up B-PP
on I-PP
my B-NP
desk I-NP
all B-NP
day I-NP
makes B-VP
me B-NP
happy B-ADJP
. O
http://plixi.com/p/57934009 O

I B-NP
feel B-VP
like B-PP
a B-NP
trillion I-NP
bucks I-NP
! O
I B-NP
feel B-VP
like B-PP
breaking B-VP
a B-NP
record I-NP
tomorrow B-NP
... O
and O
i B-NP
will B-VP

THE B-NP
BONG I-NP
WENT B-VP
5-O B-ADJP
LAST B-NP
NIGHT I-NP
papers B-NP
not O
included B-VP

when B-ADVP
i B-NP
compliment B-VP
her B-NP
she B-NP
wo B-VP
n't I-VP
believe I-VP
mee B-NP
&lt; B-INTJ
3 I-INTJ

Gates B-NP
: O
The B-NP
Sun I-NP
Will B-VP
Rise I-VP
... O
This B-NP
reminds B-VP
me B-NP
a B-NP
lot I-NP
of B-PP
Envy B-NP
and I-NP
CSTVT I-NP
but O
w/o B-PP
the B-NP
hardcore I-NP
elements I-NP
. O
Super B-ADJP
good I-ADJP
and I-ADJP
free I-ADJP
: O
http://bit.ly/e8PhEI O

@lesanto O
have B-VP
a B-NP
look I-NP
at B-PP
http://facebook.com/media14 O
, O
there B-NP
are B-VP
postings B-NP
from B-PP
TechCrunch B-NP
and I-NP
Flowtown I-NP
that B-NP
may B-VP
help I-VP
#mobile O

@Loserface_Laura O
when B-ADVP
mike B-NP
lets B-VP
me B-NP
know B-VP
, O
I B-NP
will B-VP
let I-VP
you B-NP
know B-VP
. O
I B-NP
mean B-VP
everyone B-NP
might B-VP
just I-VP
switch I-VP
out B-PRT
a B-NP
lot I-NP
. O

AUTUMN B-NP
COMES B-VP
SATURDAY B-NP
&lt; B-INTJ
3 I-INTJ
!!! O

RT O
@kiera16_x O
: O
#Twitition O
HELP B-VP
us B-NP
meet B-VP
Justin B-NP
Bieber I-NP
on B-PP
November B-NP
6 I-NP
( B-INTJ
: I-INTJ
THANKYOU B-VP
http://twitition.com/oxm5g O
@MariaMdn O

.... O
today B-NP
is B-VP
better B-ADJP
than B-PP
yesterday B-NP
, O
but O
I B-NP
hope B-VP
tomorrow B-NP
is B-VP
better B-NP
than I-NP
today I-NP
, O
because B-SBAR
today B-NP
still B-ADVP
somewhat I-ADVP
- O
SUCKS B-VP
. O

Not O
feeling B-VP
up B-ADVP
to B-PP
par B-NP
today B-NP
. O
#stressing O

@DottyDizzot O
oh B-INTJ
nice B-ADJP
, O
im B-NP
sdill B-ADVP
at B-PP
work B-NP
=( B-INTJ
but O
im B-NP
glad B-ADJP
it B-NP
's B-VP
Friday B-NP
today B-NP
=) B-INTJ

@BieberEgypt O
I B-NP
've B-VP
got I-VP
some B-NP
bad I-NP
news I-NP
, O
Yeah B-INTJ
I B-NP
cant B-VP
come I-VP
to B-PP
the B-NP
meeting I-NP
tomorrow B-NP
. O
: B-INTJ
S I-INTJ

@The_Messiah113 O
177 B-NP
people I-NP
! O
: B-INTJ
0 I-INTJ
lol I-INTJ
a B-NP
week I-NP
or O
what B-NP
? O

@IzzieZac O
Told B-VP
you B-NP
!! O
:o B-INTJ
)) O
When B-ADVP
's B-NP
she B-NP
back B-ADVP
again I-ADVP
? O

I B-NP
have B-VP
a B-NP
test I-NP
tomorrow B-NP
, O
im B-NP
going B-VP
to I-VP
say I-VP
" O
the B-NP
shore I-NP
was B-VP
on B-PP
, O
and O
preparation B-NP
took B-VP
all B-NP
day I-NP
". O

Volleyball B-NP
player I-NP
Stephanie I-NP
Rogers I-NP
and I-NP
cross I-NP
country I-NP
runner I-NP
Matt I-NP
Brooker I-NP
named B-VP
Cedarville B-NP
SUBWAY I-NP
Athetes I-NP
of B-PP
the B-NP
Week I-NP
( O
9/26-10/2) B-NP
. O

@lauraluanabeth O
'll B-VP
be I-VP
back B-ADVP
in B-PP
LA B-NP
tomorrow B-NP
night I-NP
! O
yaaaay B-INTJ
! O

the B-NP
tears I-NP
may B-VP
have I-VP
been I-VP
and I-VP
gone I-VP
, O
but O
the B-NP
feeling I-NP
still B-ADVP
stay B-VP
the B-NP
same I-NP
. O

@magicsteacher O
Anytime B-ADVP
penguin B-NP
, O
you B-NP
know B-VP
we B-NP
aquarians I-NP
are B-VP
the B-NP
best I-NP
read I-NP
http://www.astrology.com/aquarius-sun-sign-zodiac-signs/2-d-d-66917 O

RT O
@high_n_fly O
: O
#FACT O
when B-ADVP
you B-NP
are B-VP
comfortable B-ADJP
with B-PP
yourself B-NP
nothing B-NP
else I-NP
matters B-VP
nobody B-NP
can B-VP
tell I-VP
you B-NP
about B-PP
yourself B-NP
#HnF O

i B-NP
want B-VP
a B-NP
bath I-NP
but O
do B-VP
n't I-VP
have I-VP
a B-NP
bath I-NP
, O
shut B-VP
up B-PRT
, O
sam B-NP
's B-VP
coming I-VP
tomorrow I-NP
and O
steve B-NP
and O
tanya B-NP
will B-VP
be I-VP
round B-PP
at B-PP
10am B-NP
so O
go B-VP
away B-ADVP
you B-NP
mean I-NP
people I-NP

RT O
@TheOutlawz O
: O
EVERYBODY B-NP
WHO B-NP
WANT B-VP
A B-NP
FOLLOW I-NP
FROM B-PP
ME B-NP
FOR B-PP
FOLLOW B-NP
FRIDAY I-NP
LET B-VP
ME B-NP
KNOW B-VP
!! O
WE B-NP
AINT B-VP
LIKE B-PP
THESE B-NP
HOLLYWOOD I-NP
AZZ I-NP
RAPPERS I-NP
WE B-NP
FOLLOW B-VP
BACK B-ADVP
! O

I B-NP
'm B-VP
stressed I-VP
at B-PP
9am B-NP
, O
shopping B-VP
on B-PP
my B-NP
lunch I-NP
break I-NP
..... O
i B-NP
ca B-VP
n't I-VP
deal I-VP
w/ B-PP
this B-NP
shit I-NP
today B-NP
. O
#retailtherapy O

'll B-VP
be I-VP
wearing I-VP
my B-NP
Dr I-NP
. I-NP
J I-NP
#6 O
jersey B-NP
. O
Old B-NP
school I-NP
. O
RT O
@laurenreale O
" O
hmmm B-INTJ
... O
im B-NP
gonna B-VP
wear I-VP
my B-NP
@Sixers O
jersey B-NP
tonight B-NP
...... O
http://tl.gd/72egjj O

belles B-NP
mansion I-NP
4 B-PP
bday B-NP
dinner I-NP
. O
eventhough B-ADVP
its B-NP
a B-NP
day I-NP
early B-ADJP
. O
*N*I*K*K*I* B-NP

gonna B-VP
watch I-VP
500 B-NP
days I-NP
of I-NP
summer I-NP
, O
and O
call B-VP
it B-NP
a B-NP
night I-NP
:\ B-INTJ

DAVID B-NP
MARIL I-NP
: O
Cut B-VP
some B-NP
TV I-NP
channels I-NP
and O
let B-VP
me B-NP
buy B-VP
what B-NP
I B-NP
watch B-VP
: O
My B-NP
question I-NP
is B-VP
why B-ADVP
, O
when B-ADVP
we B-NP
purchase B-VP
cable B-NP
and I-NP
sa I-NP
... O
http://bit.ly/fW3ByU O

RT O
@Kandi O
: O
the B-NP
cast I-NP
of B-PP
Glee B-NP
doing B-VP
" B-NP
Bills I-NP
, I-NP
Bills I-NP
, I-NP
Bills I-NP
" I-NP
last B-NP
night I-NP
. O
heres B-VP
the B-NP
clip I-NP
http://www.youtube.com/watch?v=X_kWC4_aOdI__AND__feature=p O
... B-INTJ

